// Jest Snapshot v1, https://goo.gl/fbAQLP

exports[`Test Footer Component Should match Footer snapshot and render correctly 1`] = `
<div
  className="footer"
/>
`;
